// Jest Snapshot v1, https://goo.gl/fbAQLP

exports[`Application should render App correctly 1`] = `
<div
  className="row justify-content-center"
>
  <div
    className="col-6"
  >
    <button
      className="btn btn-lg btn-block btn-outline-info"
      onClick={[Function]}
    >
      GO TO SHOPPING CART
    </button>
    <h3
      className="mb-0"
    >
      ITEMS LIST
    </h3>
    <ul
      className="list-group"
    >
      <li>
        <div
          className="list-group-item d-flex justify-content-between align-items-center"
        >
          <div
            className="col"
          >
            可口可乐
          </div>
          <div
            className="badge badge-info col-1"
          >
            3
            元/
            瓶
          </div>
          <div
            barcode="ITEM000000"
            className="col-3 input-group"
          >
            <input
              className="form-control"
              defaultValue="0"
              min="0"
              type="number"
            />
            <div
              className="input-group-append"
            >
              <button
                className="btn btn-primary btn-sm"
                onClick={[Function]}
              >
                ADD
              </button>
            </div>
          </div>
        </div>
      </li>
      <li>
        <div
          className="list-group-item d-flex justify-content-between align-items-center"
        >
          <div
            className="col"
          >
            雪碧
          </div>
          <div
            className="badge badge-info col-1"
          >
            3
            元/
            瓶
          </div>
          <div
            barcode="ITEM000001"
            className="col-3 input-group"
          >
            <input
              className="form-control"
              defaultValue="0"
              min="0"
              type="number"
            />
            <div
              className="input-group-append"
            >
              <button
                className="btn btn-primary btn-sm"
                onClick={[Function]}
              >
                ADD
              </button>
            </div>
          </div>
        </div>
      </li>
      <li>
        <div
          className="list-group-item d-flex justify-content-between align-items-center"
        >
          <div
            className="col"
          >
            苹果
          </div>
          <div
            className="badge badge-info col-1"
          >
            5.5
            元/
            斤
          </div>
          <div
            barcode="ITEM000002"
            className="col-3 input-group"
          >
            <input
              className="form-control"
              defaultValue="0"
              min="0"
              type="number"
            />
            <div
              className="input-group-append"
            >
              <button
                className="btn btn-primary btn-sm"
                onClick={[Function]}
              >
                ADD
              </button>
            </div>
          </div>
        </div>
      </li>
      <li>
        <div
          className="list-group-item d-flex justify-content-between align-items-center"
        >
          <div
            className="col"
          >
            荔枝
          </div>
          <div
            className="badge badge-info col-1"
          >
            15
            元/
            斤
          </div>
          <div
            barcode="ITEM000003"
            className="col-3 input-group"
          >
            <input
              className="form-control"
              defaultValue="0"
              min="0"
              type="number"
            />
            <div
              className="input-group-append"
            >
              <button
                className="btn btn-primary btn-sm"
                onClick={[Function]}
              >
                ADD
              </button>
            </div>
          </div>
        </div>
      </li>
      <li>
        <div
          className="list-group-item d-flex justify-content-between align-items-center"
        >
          <div
            className="col"
          >
            电池
          </div>
          <div
            className="badge badge-info col-1"
          >
            2
            元/
            个
          </div>
          <div
            barcode="ITEM000004"
            className="col-3 input-group"
          >
            <input
              className="form-control"
              defaultValue="0"
              min="0"
              type="number"
            />
            <div
              className="input-group-append"
            >
              <button
                className="btn btn-primary btn-sm"
                onClick={[Function]}
              >
                ADD
              </button>
            </div>
          </div>
        </div>
      </li>
      <li>
        <div
          className="list-group-item d-flex justify-content-between align-items-center"
        >
          <div
            className="col"
          >
            方便面
          </div>
          <div
            className="badge badge-info col-1"
          >
            4.5
            元/
            袋
          </div>
          <div
            barcode="ITEM000005"
            className="col-3 input-group"
          >
            <input
              className="form-control"
              defaultValue="0"
              min="0"
              type="number"
            />
            <div
              className="input-group-append"
            >
              <button
                className="btn btn-primary btn-sm"
                onClick={[Function]}
              >
                ADD
              </button>
            </div>
          </div>
        </div>
      </li>
    </ul>
    <hr />
    <h3
      className="mb-0"
    >
      PROMOTIONS LIST
    </h3>
    <ul
      className="list-group"
    >
      <li>
        <div
          className="list-group-item d-flex justify-content-between align-items-center"
        >
          <div
            className="col"
          >
            可口可乐
          </div>
          <div
            className="badge badge-success col-3"
          >
            BUY_TWO_GET_ONE_FREE
          </div>
        </div>
      </li>
      <li>
        <div
          className="list-group-item d-flex justify-content-between align-items-center"
        >
          <div
            className="col"
          >
            雪碧
          </div>
          <div
            className="badge badge-success col-3"
          >
            BUY_TWO_GET_ONE_FREE
          </div>
        </div>
      </li>
      <li>
        <div
          className="list-group-item d-flex justify-content-between align-items-center"
        >
          <div
            className="col"
          >
            方便面
          </div>
          <div
            className="badge badge-success col-3"
          >
            BUY_TWO_GET_ONE_FREE
          </div>
        </div>
      </li>
    </ul>
  </div>
</div>
`;
